header = ""
footer = ""
inputs = []
outputs = []
providers = []
requirements = []
resources = []

[[modules]]
  Name = "bar"
  Source = "baz"
  Version = "4.5.6"

[[modules]]
  Name = "foo"
  Source = "bar"
  Version = "1.2.3"

[[modules]]
  Name = "baz"
  Source = "baz"
  Version = "4.5.6"
