header: ""
footer: ""
inputs: []
modules:
  - name: bar
    source: baz
    version: 4.5.6
  - name: foo
    source: bar
    version: 1.2.3
  - name: baz
    source: baz
    version: 4.5.6
outputs: []
providers: []
requirements: []
resources: []