== Modules

[cols="a,a,a",options="header,autowidth"]
|===
|Name|Source|Version|
|foo|bar|1.2.3
|bar|baz|4.5.6
|baz|baz|4.5.6
|===